AR sabirac4bit bhv "C:/Users/J/Desktop/vhdl vezba/vezba/sabirac4bit/sabirac4bit.vhd" sub00/vhpl02 1719316162
AR sabirac4bit behavioral "C:/Users/J/Desktop/vhdl vezba/vezba/sabirac4bit/sabirac4bit.vhd" sub00/vhpl01 1719310731
EN sabirac4bit NULL "C:/Users/J/Desktop/vhdl vezba/vezba/sabirac4bit/sabirac4bit.vhd" sub00/vhpl00 1719316161
