AR clock_divider behavioral "C:/Users/J/Desktop/vhdl vezba/shifter/shifter/clock_divider.vhd" sub00/vhpl03 1719242098
EN clock_divider NULL "C:/Users/J/Desktop/vhdl vezba/shifter/shifter/clock_divider.vhd" sub00/vhpl02 1719242097
EN shifter NULL "C:/Users/J/Desktop/vhdl vezba/shifter/shifter/shifter.vhd" sub00/vhpl00 1719242099
AR shifter behavioral "C:/Users/J/Desktop/vhdl vezba/shifter/shifter/shifter.vhd" sub00/vhpl01 1719242100
