AR clock_divider behavioral "C:/Users/J/Desktop/vhdl vezba/ispit/ispit3/clock_divider.vhd" sub00/vhpl01 1719233280
EN clock_divider NULL "C:/Users/J/Desktop/vhdl vezba/ispit/ispit3/clock_divider.vhd" sub00/vhpl00 1719233279
AR ispit3 behavioral "C:/Users/J/Desktop/vhdl vezba/ispit/ispit3/ispit3.vhd" sub00/vhpl03 1719233282
EN ispit3 NULL "C:/Users/J/Desktop/vhdl vezba/ispit/ispit3/ispit3.vhd" sub00/vhpl02 1719233281
